totalRegions = 6
region = South America
regionImage = initial/samerica.png
Argentina = countries/south_america/argentina/argentina
Bolivia = countries/south_america/bolivia/bolivia
Brazil = countries/south_america/brasil/brasil
Chile = countries/south_america/chile/chile
Colombia = countries/south_america/colombia/colombia
Ecuador = countries/south_america/ecuador/ecuador
Guyana = countries/south_america/guyana/guyana
Paraguay = countries/south_america/paraguay/paraguay
Peru = countries/south_america/peru/peru
Suriname = countries/south_america/suriname/suriname
Uruguay = countries/south_america/uruguay/uruguay
Venezuela = countries/south_america/venezuela/venezuela
region = Africa
regionImage = initial/africa.png
Ghana = countries/africa/ghana/ghana
Ivory_Coast = countries/africa/ivorycoast/ivorycoast
Mozambique = countries/africa/mozambique/mozambique
Nigeria = countries/africa/nigeria/nigeria
region = North & Central America
regionImage = initial/ncamerica.png
Mexico = countries/north_central_america/mexico/mexico
USA = countries/north_central_america/usa/usa
region = Europe
regionImage = initial/europe.png
Belgium = countries/europe/belgium/belgium
Croatia = countries/europe/croatia/croatia
England = countries/europe/england/england
France = countries/europe/france/france
Germany = countries/europe/germany/germany
Hungary = countries/europe/hungary/hungary
Italy = countries/europe/italy/italy
Netherlands = countries/europe/netherlands/netherlands
Portugal = countries/europe/portugal/portugal
Russia = countries/europe/russia/russia
Spain = countries/europe/spain/spain
Switzerland = countries/europe/switzerland/switzerland
region = Asia
regionImage = initial/asia.png
China = countries/asia/china/china
Japan = countries/asia/japan/japan
region = Oceania
regionImage = initial/oceania.png
Australia = countries/oceania/australia/australia
